This is LuaTeX, Version 1.24.0 (TeX Live 2026/Arch Linux)  (format=luatex 2026.5.18)  18 MAY 2026 10:39
 restricted system commands enabled.
**h
(/usr/share/texmf-dist/tex/latex/tools/h.tex
! The file name provided could not be found.
Use `<enter>' to continue processing,
`S' to scroll future errors
`R' to run without stopping,
`Q' to run quietly,
or `X' to terminate TeX
! .
l.45 \errmessage{}
                  
? help
This error message was generated by an \errmessage
command, so I can't give any explicit help.
Pretend that you're Hercule Poirot: Examine all clues,
and deduce the truth by order and method.
? X

warning  (pdf backend): no pages of output.

PDF statistics: 0 PDF objects out of 1000 (max. 8388607)
 0 named destinations out of 1000 (max. 1048576)
 1 words of extra memory for PDF output out of 10000 (max. 100000000)

